
-vm parameter
-vmargs -javaagent:lombok.jar

Key Generate
[A]





C:\Program Files\Java\jdk-17.0.5\bin>.\keytool --genkey --alias signjwt --keyalg RSA --keystore D:/keystore.jks --keysize 2048 --validity 365000
Enter keystore password: 
Keystore password is too short - must be at least 6 characters
Enter keystore password:fooddelivery
Re-enter new password:fooddelivery
What is your first and last name?
  [Unknown]:  abhimanyu kumar
What is the name of your organizational unit?
  [Unknown]:  development
What is the name of your organization?
  [Unknown]:  stream
What is the name of your City or Locality?
  [Unknown]:  Hazaribag
What is the name of your State or Province?
  [Unknown]:  Jharkhand
What is the two-letter country code for this unit?
  [Unknown]:  IN
Is CN=abhimanyu kumar, OU=development, O=stream, L=Hazaribag, ST=Jharkhand, C=IN correct?
  [no]:  yes

Generating 2,048 bit RSA key pair and self-signed certificate (SHA256withRSA) with a validity of 365,000 days
        for: CN=abhimanyu kumar, OU=development, O=stream, L=Hazaribag, ST=Jharkhand, C=IN

C:\Program Files\Java\jdk-17.0.5\bin>



[B]
.\keytool -importkeystore -srckeystore D:/keystore.jks -destkeystore D:/keystore.p12 -deststoretype pkcs12

C:\Program Files\Java\jdk-17.0.5\bin>.\keytool -importkeystore -srckeystore D:/keystore.jks -destkeystore D:/keystore.p12 -deststoretype pkcs12
Importing keystore D:/keystore.jks to D:/keystore.p12...
Enter destination keystore password:fooddelivery
Re-enter new password:fooddelivery
Enter source keystore password:fooddelivery
Entry for alias signjwt successfully imported.
Import command completed:  1 entries successfully imported, 0 entries failed or cancelled


[C]

C:\Program Files\Java\jdk-17.0.5\bin>openssl
help:

Standard commands
asn1parse         ca                ciphers           cmp
cms               crl               crl2pkcs7         dgst
dhparam           dsa               dsaparam          ec
ecparam           enc               engine            errstr
fipsinstall       gendsa            genpkey           genrsa
help              info              kdf               list
mac               nseq              ocsp              passwd
pkcs12            pkcs7             pkcs8             pkey
pkeyparam         pkeyutl           prime             rand
rehash            req               rsa               rsautl
s_client          s_server          s_time            sess_id
smime             speed             spkac             srp
storeutl          ts                verify            version
x509

Message Digest commands (see the `dgst' command for more details)
blake2b512        blake2s256        md4               md5
mdc2              rmd160            sha1              sha224
sha256            sha3-224          sha3-256          sha3-384
sha3-512          sha384            sha512            sha512-224
sha512-256        shake128          shake256          sm3

Cipher commands (see the `enc' command for more details)
aes-128-cbc       aes-128-ecb       aes-192-cbc       aes-192-ecb
aes-256-cbc       aes-256-ecb       aria-128-cbc      aria-128-cfb
aria-128-cfb1     aria-128-cfb8     aria-128-ctr      aria-128-ecb
aria-128-ofb      aria-192-cbc      aria-192-cfb      aria-192-cfb1
aria-192-cfb8     aria-192-ctr      aria-192-ecb      aria-192-ofb
aria-256-cbc      aria-256-cfb      aria-256-cfb1     aria-256-cfb8
aria-256-ctr      aria-256-ecb      aria-256-ofb      base64
bf                bf-cbc            bf-cfb            bf-ecb
bf-ofb            camellia-128-cbc  camellia-128-ecb  camellia-192-cbc
camellia-192-ecb  camellia-256-cbc  camellia-256-ecb  cast
cast-cbc          cast5-cbc         cast5-cfb         cast5-ecb
cast5-ofb         des               des-cbc           des-cfb
des-ecb           des-ede           des-ede-cbc       des-ede-cfb
des-ede-ofb       des-ede3          des-ede3-cbc      des-ede3-cfb
des-ede3-ofb      des-ofb           des3              desx
idea              idea-cbc          idea-cfb          idea-ecb
idea-ofb          rc2               rc2-40-cbc        rc2-64-cbc
rc2-cbc           rc2-cfb           rc2-ecb           rc2-ofb
rc4               rc4-40            rc5               rc5-cbc
rc5-cfb           rc5-ecb           rc5-ofb           seed
seed-cbc          seed-cfb          seed-ecb          seed-ofb
sm4-cbc           sm4-cfb           sm4-ctr           sm4-ecb
sm4-ofb           zlib


C:\Program Files\Java\jdk-17.0.5\bin>openssl pkcs12 -in D:\keystore.p12 -nocerts -nodes
Enter Import Password:fooddelivery
Bag Attributes
    friendlyName: signjwt
    localKeyID: 54 69 6D 65 20 31 37 30 35 34 31 33 36 35 37 35 32 39
Key Attributes: <No Attributes>
-----BEGIN PRIVATE KEY-----
MIIEvAIBADANBgkqhkiG9w0BAQEFAASCBKYwggSiAgEAAoIBAQCjb4/pGNX7URuI
kStGChq3kF+JwCjLmcxX0QB9zZ5Wh7PqzPS3rIjzRZzn62r8uGcVSg9dMD+//5xV
FSe5JH7Kx9oYSoWaOCyAhsCt9sp4Rct96zTA9F9zKKa6r4u1h/i6kortBSD2CO3y
fw6oLlmUZq3Ut9ZgmJ/N0WNYkC36ztN/nyPPyocQ1kj4i0Gdw8cNoWmmKuZ5Anv6
+2rys0TIa9NqmrJagbcsvUlYTr8jwdFidQwOtSDu+G5ZdqBtq3Md5E+KuMd+lNKV
vfAPgVN3FtmyhcPGImZrqY+jK1Ppb/2sEq0n6533bzXnkzb8fSz2l07Y9nb3MZpY
cb7N4dStAgMBAAECggEAPbBhcIl4U1kk/GJXJCOyO/FZrmQCwf72W3s/JT0Uc/La
3VipUh7kvnZbKEr64hM0jZubuv/4QB9aQd8vVDnLRf0zfBG85h4n5gd2+PL7L3Sg
v5GlIuPal1wTusmCAW4mWz3vBFH4RAXQ0sRUovSDyXkMSgtt9p4FS6mqRwZ85HrL
bI7lwHObFVblnxoIJe/ssF2dq7wqffbb4ln8iUAsv7NB6S/KI+ZUO0g8+V59PvWM
GehGKIsBMcJM/hvcuuXdE4+wChwoi+Cpj3ZpaZhlveZ+OySl9P5Rj7OvdVVOfEnj
CPoVgoXkg/tFY9+gcmwA/ZwRLJb3xjZXH6MtrLbYXQKBgQC130n4f97PEsISoYgi
u41q++9571i49O3mV6v8whuvQUZp6kbmX8PEK6Wz4K2S9hoF+Kl1zvBjwLthY+35
6/D/CbEoq1XAG0dKDslADwOEolot/O6UsDWRx1BGNFQckPYlQU8MK7Z0sqf7zXPF
uiUbNmQENexV7K9rjQ+MB8QFHwKBgQDmDJloC80CEf2JzbT77Ow0GUm5DuGYYyrY
tO+Mn5Y1K76u0uIkYfo65DwPm9XiI0xh5DfwW81KNQWvzgCq/YPvk/LeaXL1lmSg
oN6iptyhkoMb5RUw0/VkzTF2dfFEJBiyesB/mpJ/TNT0wLVaU1exSFl4hFflpaMM
HZosEaXAswKBgBRHzevT9niI0vNY5+FXoLFpXo7uTapyRYUGCbupuYSVdtCguz89
NotNgrDIQRK+NrCrxdnJNa0p9LsrdYIE+V63KfYrBOjjIdP0SiTGh9HmeL/gEIqs
C40x+JWbiDWXRJtq6PGmfjYNJgZCJsLJuxGJwyVlDfGW7wjDNhSbWRRpAoGAO1OC
eE+axe7nyJLxGorl+yWOWpgY25ivYwV+RXCeZwXp/eHKigFua6OSTaAtj0z1FMWr
G2RBU+LKnaTtjSslzDIGTw84o1buinISGDYZ7dz/zMDOLzJqNV2pZNhTqPP6HoUD
gaTWJNgmjxvnaOzXT5PN5wOSO1n061ny+Wxvp3sCgYB53fIHQq16CQZQIyGxqhA+
BDDiOSlcbWXR+ybzcSEaJodQ8M1O49sbAww7ORKLFxdaykUjFRozwH1qn05XAC9i
8pFNIO4EKrn8zAvhG/JZZ4wVRCy6X0K+QYeViKGrpr33dAmQtTzGARb470GhRcv9
4LtVaP/koFDNyR2nw4yeIQ==
-----END PRIVATE KEY-----

C:\Program Files\Java\jdk-17.0.5\bin>


[D]
How do I extract certificates from a keystore using openssl?
pkcs12 -in D:\keystore.p12 -nokeys


C:\Program Files\Java\jdk-17.0.5\bin>openssl pkcs12 -in D:\keystore.p12 -nokeys
Enter Import Password:
Bag Attributes
    friendlyName: signjwt
    localKeyID: 54 69 6D 65 20 31 37 30 35 34 31 33 36 35 37 35 32 39
subject=C=IN, ST=Jharkhand, L=Hazaribag, O=stream, OU=development, CN=abhimanyu kumar
issuer=C=IN, ST=Jharkhand, L=Hazaribag, O=stream, OU=development, CN=abhimanyu kumar
-----BEGIN CERTIFICATE-----
MIIDkTCCAnmgAwIBAgIIPZ426yKmLwQwDQYJKoZIhvcNAQELBQAwdjELMAkGA1UE
BhMCSU4xEjAQBgNVBAgTCUpoYXJraGFuZDESMBAGA1UEBxMJSGF6YXJpYmFnMQ8w
DQYDVQQKEwZzdHJlYW0xFDASBgNVBAsTC2RldmVsb3BtZW50MRgwFgYDVQQDEw9h
YmhpbWFueXUga3VtYXIwIBcNMjQwMTE2MTM1OTIxWhgPMzAyMzA1MTkxMzU5MjFa
MHYxCzAJBgNVBAYTAklOMRIwEAYDVQQIEwlKaGFya2hhbmQxEjAQBgNVBAcTCUhh
emFyaWJhZzEPMA0GA1UEChMGc3RyZWFtMRQwEgYDVQQLEwtkZXZlbG9wbWVudDEY
MBYGA1UEAxMPYWJoaW1hbnl1IGt1bWFyMIIBIjANBgkqhkiG9w0BAQEFAAOCAQ8A
MIIBCgKCAQEAo2+P6RjV+1EbiJErRgoat5BficAoy5nMV9EAfc2eVoez6sz0t6yI
80Wc5+tq/LhnFUoPXTA/v/+cVRUnuSR+ysfaGEqFmjgsgIbArfbKeEXLfes0wPRf
cyimuq+LtYf4upKK7QUg9gjt8n8OqC5ZlGat1LfWYJifzdFjWJAt+s7Tf58jz8qH
ENZI+ItBncPHDaFppirmeQJ7+vtq8rNEyGvTapqyWoG3LL1JWE6/I8HRYnUMDrUg
7vhuWXagbatzHeRPirjHfpTSlb3wD4FTdxbZsoXDxiJma6mPoytT6W/9rBKtJ+ud
928155M2/H0s9pdO2PZ29zGaWHG+zeHUrQIDAQABoyEwHzAdBgNVHQ4EFgQU1brO
lRTdyda9v5uPpF4v8MnHwUswDQYJKoZIhvcNAQELBQADggEBAITbp2afRxNryvZR
wO0+5+8gZCNdHOC6CUWkaeITN46qEh615DjL+pwPN9+j6y7MkP7sJacDtoMKdgnW
4/JDqmGddcWfLEazKdUH6qi92ghXb5yEX7rr8EklkchSu7sMZqe9OpAYU6xxLLu0
RGDRWhRMQ3jyD9roOlCLB0LDrnCgXtoLI+Q/9bLiYDuT8772wTiWClA6p3VqBGMP
Z4BbYBAEavDaEJREt2lpfBelA974UJ6R5/77O7BxBQ/wn5fQmE+FImU4EK/OcTbn
BTbcpAy7xcOzJsq053j2zK0beOnpoBZq7i7BBAbqgfgryP2V4Kc1LUQnyUSoPNgF
nQF+Z6Q=
-----END CERTIFICATE-----

C:\Program Files\Java\jdk-17.0.5\bin>

[E]
create private key
C:\Program Files\Java\jdk-17.0.5\bin>openssl pkcs12 -in D:\keystore.p12 -out D:\keystore.key.pem -nocerts -nodes
Enter Import Password:fooddelivery

[F]
create certificate

C:\Program Files\Java\jdk-17.0.5\bin>openssl pkcs12 -in D:\keystore.p12 -out D:\keystore.crt.pem -clcerts -nokeys
Enter Import Password: